// Jest Snapshot v1, https://goo.gl/fbAQLP

exports[`Layout Page Tests Page matches snapshot 1`] = `
{
  "asFragment": [Function],
  "baseElement": <body>
    <div>
      <div>
        <nav
          class="route-container"
        >
          <ul
            class="nav-routes"
          >
            <li>
              <a
                class="route"
                href="/"
              >
                Home
              </a>
            </li>
            <li>
              <a
                class="route"
                href="/news"
              >
                News
              </a>
            </li>
            <li>
              <a
                class="route"
                href="/media"
              >
                Media
              </a>
            </li>
            <li>
              <a
                class="route"
                href="/contact"
              >
                Contact
              </a>
            </li>
          </ul>
        </nav>
      </div>
    </div>
  </body>,
  "container": <div>
    <div>
      <nav
        class="route-container"
      >
        <ul
          class="nav-routes"
        >
          <li>
            <a
              class="route"
              href="/"
            >
              Home
            </a>
          </li>
          <li>
            <a
              class="route"
              href="/news"
            >
              News
            </a>
          </li>
          <li>
            <a
              class="route"
              href="/media"
            >
              Media
            </a>
          </li>
          <li>
            <a
              class="route"
              href="/contact"
            >
              Contact
            </a>
          </li>
        </ul>
      </nav>
    </div>
  </div>,
  "debug": [Function],
  "findAllByAltText": [Function],
  "findAllByDisplayValue": [Function],
  "findAllByLabelText": [Function],
  "findAllByPlaceholderText": [Function],
  "findAllByRole": [Function],
  "findAllByTestId": [Function],
  "findAllByText": [Function],
  "findAllByTitle": [Function],
  "findByAltText": [Function],
  "findByDisplayValue": [Function],
  "findByLabelText": [Function],
  "findByPlaceholderText": [Function],
  "findByRole": [Function],
  "findByTestId": [Function],
  "findByText": [Function],
  "findByTitle": [Function],
  "getAllByAltText": [Function],
  "getAllByDisplayValue": [Function],
  "getAllByLabelText": [Function],
  "getAllByPlaceholderText": [Function],
  "getAllByRole": [Function],
  "getAllByTestId": [Function],
  "getAllByText": [Function],
  "getAllByTitle": [Function],
  "getByAltText": [Function],
  "getByDisplayValue": [Function],
  "getByLabelText": [Function],
  "getByPlaceholderText": [Function],
  "getByRole": [Function],
  "getByTestId": [Function],
  "getByText": [Function],
  "getByTitle": [Function],
  "queryAllByAltText": [Function],
  "queryAllByDisplayValue": [Function],
  "queryAllByLabelText": [Function],
  "queryAllByPlaceholderText": [Function],
  "queryAllByRole": [Function],
  "queryAllByTestId": [Function],
  "queryAllByText": [Function],
  "queryAllByTitle": [Function],
  "queryByAltText": [Function],
  "queryByDisplayValue": [Function],
  "queryByLabelText": [Function],
  "queryByPlaceholderText": [Function],
  "queryByRole": [Function],
  "queryByTestId": [Function],
  "queryByText": [Function],
  "queryByTitle": [Function],
  "rerender": [Function],
  "unmount": [Function],
}
`;
